ERC report (2026-08-30T19:47:48, Encoding UTF8)
Report includes: Errors, Warnings

***** Sheet /
[pin_not_connected]: Pin not connected
    ; error
    @(800 mils, 3700 mils): Symbol U1 Pin 4 [SENSOR_VP, Entrada, Línea]
[pin_not_driven]: Input pin not driven by any Output pins
    ; error
    @(800 mils, 3700 mils): Symbol U1 Pin 4 [SENSOR_VP, Entrada, Línea]
[pin_not_connected]: Pin not connected
    ; error
    @(800 mils, 3800 mils): Symbol U1 Pin 5 [SENSOR_VN, Entrada, Línea]
[pin_not_driven]: Input pin not driven by any Output pins
    ; error
    @(800 mils, 3800 mils): Symbol U1 Pin 5 [SENSOR_VN, Entrada, Línea]
[pin_not_connected]: Pin not connected
    ; error
    @(900 mils, 2350 mils): Symbol J1 Pin SH [SHIELD, Pasivo, Línea]
[power_pin_not_driven]: Input Power pin not driven by any Output Power pins
    ; error
    @(1200 mils, 2500 mils): Symbol #PWR01 Pin 1 [Entrada de alimentación, Línea]
[pin_not_connected]: Pin not connected
    ; error
    @(1800 mils, 1350 mils): Symbol J1 Pin A7 [D-, Bidireccional, Línea]
[pin_not_connected]: Pin not connected
    ; error
    @(1800 mils, 1450 mils): Symbol J1 Pin B7 [D-, Bidireccional, Línea]
[pin_not_connected]: Pin not connected
    ; error
    @(1800 mils, 1550 mils): Symbol J1 Pin A6 [D+, Bidireccional, Línea]
[pin_not_connected]: Pin not connected
    ; error
    @(1800 mils, 1650 mils): Symbol J1 Pin B6 [D+, Bidireccional, Línea]
[pin_not_connected]: Pin not connected
    ; error
    @(1800 mils, 1950 mils): Symbol J1 Pin A8 [SBU1, Bidireccional, Línea]
[pin_not_connected]: Pin not connected
    ; error
    @(1800 mils, 2050 mils): Symbol J1 Pin B8 [SBU2, Bidireccional, Línea]
[pin_not_connected]: Pin not connected
    ; error
    @(2000 mils, 3600 mils): Symbol U1 Pin 35 [TXD0/IO1, Bidireccional, Línea]
[pin_not_connected]: Pin not connected
    ; error
    @(2000 mils, 3700 mils): Symbol U1 Pin 24 [IO2, Bidireccional, Línea]
[pin_not_connected]: Pin not connected
    ; error
    @(2000 mils, 3800 mils): Symbol U1 Pin 34 [RXD0/IO3, Bidireccional, Línea]
[pin_not_connected]: Pin not connected
    ; error
    @(2000 mils, 4000 mils): Symbol U1 Pin 29 [IO5, Bidireccional, Línea]
[pin_not_connected]: Pin not connected
    ; error
    @(2000 mils, 4100 mils): Symbol U1 Pin 14 [IO12, Bidireccional, Línea]
[pin_not_connected]: Pin not connected
    ; error
    @(2000 mils, 4200 mils): Symbol U1 Pin 16 [IO13, Bidireccional, Línea]
[pin_not_connected]: Pin not connected
    ; error
    @(2000 mils, 4300 mils): Symbol U1 Pin 13 [IO14, Bidireccional, Línea]
[pin_not_connected]: Pin not connected
    ; error
    @(2000 mils, 4400 mils): Symbol U1 Pin 23 [IO15, Bidireccional, Línea]
[pin_not_connected]: Pin not connected
    ; error
    @(2000 mils, 4800 mils): Symbol U1 Pin 31 [IO19, Bidireccional, Línea]
[pin_not_connected]: Pin not connected
    ; error
    @(2000 mils, 5100 mils): Symbol U1 Pin 37 [IO23, Bidireccional, Línea]
[pin_not_connected]: Pin not connected
    ; error
    @(2000 mils, 5500 mils): Symbol U1 Pin 8 [IO32, Bidireccional, Línea]
[pin_not_connected]: Pin not connected
    ; error
    @(2000 mils, 5600 mils): Symbol U1 Pin 9 [IO33, Bidireccional, Línea]
[pin_not_connected]: Pin not connected
    ; error
    @(2000 mils, 5800 mils): Symbol U1 Pin 7 [IO35, Entrada, Línea]
[pin_not_driven]: Input pin not driven by any Output pins
    ; error
    @(2000 mils, 5800 mils): Symbol U1 Pin 7 [IO35, Entrada, Línea]
[label_dangling]: Label not connected
    ; error
    @(2250 mils, 4850 mils): Label ''
[pin_not_connected]: Pin not connected
    ; error
    @(2700 mils, 1200 mils): Symbol U6 Pin 8 [CE, Entrada, Línea]
[pin_not_driven]: Input pin not driven by any Output pins
    ; error
    @(2700 mils, 1200 mils): Symbol U6 Pin 8 [CE, Entrada, Línea]
[pin_not_connected]: Pin not connected
    ; error
    @(2700 mils, 1400 mils): Symbol U6 Pin 7 [~{CHRG}, Colector abierto, Línea]
[pin_not_connected]: Pin not connected
    ; error
    @(2700 mils, 1500 mils): Symbol U6 Pin 6 [~{STDBY}, Colector abierto, Línea]
[pin_not_connected]: Pin not connected
    ; error
    @(3000 mils, 1900 mils): Symbol U6 Pin 9 [EPAD, Pasivo, Línea]
[power_pin_not_driven]: Input Power pin not driven by any Output Power pins
    ; error
    @(3100 mils, 900 mils): Symbol U6 Pin 4 [V_{CC}, Entrada de alimentación, Línea]
[power_pin_not_driven]: Input Power pin not driven by any Output Power pins
    ; error
    @(3400 mils, 3650 mils): Symbol U5 Pin 5 [IN, Entrada de alimentación, Línea]
[pin_not_connected]: Pin not connected
    ; error
    @(3500 mils, 1400 mils): Symbol U6 Pin 1 [TEMP, Entrada, Línea]
[pin_not_driven]: Input pin not driven by any Output pins
    ; error
    @(3500 mils, 1400 mils): Symbol U6 Pin 1 [TEMP, Entrada, Línea]
[multiple_net_names]: Tanto SDI como I2C_SDA están conectados a los mismos elementos; se utilizará SDI en el listado de redes
    ; warning
    @(2350 mils, 4900 mils): Global Label 'SDI'
    @(2100 mils, 4900 mils): Label 'I2C_SDA'
[multiple_net_names]: Tanto SCK como I2C_SCL están conectados a los mismos elementos; se utilizará SCK en el listado de redes
    ; warning
    @(2350 mils, 5000 mils): Global Label 'SCK'
    @(2100 mils, 5000 mils): Label 'I2C_SCL'

 ** ERC messages: 38  Errors 36  Warnings 2

 ** Ignored checks:
    - Global label only appears once in the schematic
    - Four connection points are joined together
    - SPICE model issue
    - Assigned footprint doesn't match footprint filters
